[htmldesigntemplates.com/html/epathsala/index-2.html]
[backblue.gif]
[fade.gif]
[index.html]
[htmldesigntemplates.com/html/epathsala/images/cropped-epathsala_favicon-192x192.png]
[htmldesigntemplates.com/html/epathsala/css/bootstrap.min.css]
[htmldesigntemplates.com/html/epathsala/css/style.css]
[htmldesigntemplates.com/html/epathsala/css/plugin.css]
[cdnjs.cloudflare.com/ajax/libs/font-awesome/4.7.0/css/font-awesome.min.css]
[cdnjs.cloudflare.com/ajax/libs/font-awesome/5.11.2/css/all.min.css]
[htmldesigntemplates.com/html/epathsala/index.html]
[htmldesigntemplates.com/html/epathsala/images/logo.png]
[htmldesigntemplates.com/html/epathsala/index-3.html]
[htmldesigntemplates.com/html/epathsala/about.html]
[htmldesigntemplates.com/html/epathsala/course-1.html]
[htmldesigntemplates.com/html/epathsala/course-2.html]
[htmldesigntemplates.com/html/epathsala/course-detail.html]
[htmldesigntemplates.com/html/epathsala/event.html]
[htmldesigntemplates.com/html/epathsala/event-detail.html]
[htmldesigntemplates.com/html/epathsala/gallery.html]
[htmldesigntemplates.com/html/epathsala/instructors.html]
[htmldesigntemplates.com/html/epathsala/pricing.html]
[htmldesigntemplates.com/html/epathsala/testimonial.html]
[htmldesigntemplates.com/html/epathsala/faq.html]
[htmldesigntemplates.com/html/epathsala/search.html]
[htmldesigntemplates.com/html/epathsala/404.html]
[htmldesigntemplates.com/html/epathsala/comming.html]
[htmldesigntemplates.com/html/epathsala/blog-list.html]
[htmldesigntemplates.com/html/epathsala/blog-detail.html]
[htmldesigntemplates.com/html/epathsala/contact.html]
[htmldesigntemplates.com/html/epathsala/images/banner/education-2021-04-04-14-25-07-utc.jpg]
[htmldesigntemplates.com/html/epathsala/images/banner/education-PHW33SU.jpg]
[htmldesigntemplates.com/html/epathsala/images/inner/education-students-people-knowledge-concept-2021-04-02-19-49-59-utc.jpg]
[htmldesigntemplates.com/html/epathsala/images/courses/course-1.jpg]
[htmldesigntemplates.com/html/epathsala/images/courses/course-2.jpg]
[htmldesigntemplates.com/html/epathsala/images/courses/course-3.jpg]
[htmldesigntemplates.com/html/epathsala/images/courses/course-4.jpg]
[htmldesigntemplates.com/html/epathsala/images/courses/course-5.jpg]
[htmldesigntemplates.com/html/epathsala/images/courses/course-6.jpg]
[htmldesigntemplates.com/html/epathsala/images/team/team-1.jpg]
[htmldesigntemplates.com/html/epathsala/images/team/team-2.jpg]
[htmldesigntemplates.com/html/epathsala/images/team/team-3.jpg]
[htmldesigntemplates.com/html/epathsala/images/team/team-4.jpg]
[htmldesigntemplates.com/html/epathsala/images/team/user-1.jpg]
[htmldesigntemplates.com/html/epathsala/images/team/user-2.jpg]
[htmldesigntemplates.com/html/epathsala/images/courses/event-1.jpg]
[htmldesigntemplates.com/html/epathsala/images/courses/event-2.jpg]
[htmldesigntemplates.com/html/epathsala/images/courses/event-3.jpg]
[htmldesigntemplates.com/html/epathsala/images/shape/Education-13-Converted-01-1024x667.png]
[htmldesigntemplates.com/html/epathsala/images/blog/blog-1.jpg]
[htmldesigntemplates.com/html/epathsala/images/team/user-4.jpg]
[htmldesigntemplates.com/html/epathsala/images/blog/blog-2.jpg]
[htmldesigntemplates.com/html/epathsala/images/team/user-5.jpg]
[htmldesigntemplates.com/html/epathsala/images/blog/blog-3.jpg]
[htmldesigntemplates.com/html/epathsala/images/team/user-6.jpg]
[htmldesigntemplates.com/html/epathsala/images/f-4.png]
[htmldesigntemplates.com/cdn-cgi/scripts/5c5dd728/cloudflare-static/email-decode.min.js]
[htmldesigntemplates.com/html/epathsala/js/jquery-3.5.1.min.js]
[htmldesigntemplates.com/html/epathsala/js/bootstrap.min.js]
[htmldesigntemplates.com/html/epathsala/js/main.js]
[htmldesigntemplates.com/html/epathsala/js/plugin.js]
[htmldesigntemplates.com/html/epathsala/js/custom-swiper.js]
[htmldesigntemplates.com/html/epathsala/index-2.html]
[htmldesigntemplates.com/html/epathsala/css/bootstrap.min.css]
[htmldesigntemplates.com/html/epathsala/js/custom-nav.js]
[htmldesigntemplates.com/html/epathsala/images/border.png]
[htmldesigntemplates.com/html/epathsala/images/loader.gif]
[htmldesigntemplates.com/html/epathsala/images/shape/big_ils_2.png]
[htmldesigntemplates.com/html/epathsala/images/shape/shape2.png]
[htmldesigntemplates.com/html/epathsala/images/banner/bg-ban.png]
[htmldesigntemplates.com/html/epathsala/images/shape/shape.png]
[htmldesigntemplates.com/html/epathsala/images/inner/cloister-of-the-university-of-milan-N8MH3V3.jpg]
[htmldesigntemplates.com/html/epathsala/images/inner/cycling-to-university-2021-04-06-19-12-23-utc.jpg]
[htmldesigntemplates.com/html/epathsala/images/shape/top-shape.png]
[htmldesigntemplates.com/html/epathsala/images/shape/shape4.png]
[htmldesigntemplates.com/html/epathsala/images/cook/ella-olsson-rD3YrnhTmf0-unsplash.jpg]
[htmldesigntemplates.com/html/epathsala/images/inner/headway-5QgIuuBxKwM-unsplash.jpg]
[htmldesigntemplates.com/html/epathsala/css/style.css]
[htmldesigntemplates.com/html/epathsala/images/loading.gif]
[htmldesigntemplates.com/html/epathsala/images/prev.png]
[htmldesigntemplates.com/html/epathsala/images/next.png]
[htmldesigntemplates.com/html/epathsala/images/close.png]
[htmldesigntemplates.com/html/epathsala/css/plugin.css]
[cdnjs.cloudflare.com/ajax/libs/font-awesome/4.7.0/css/font-awesome.min.css]
[cdnjs.cloudflare.com/ajax/libs/font-awesome/5.11.2/css/all.min.css]
[htmldesigntemplates.com/html/epathsala/images/banner/edu-ban.png]
[htmldesigntemplates.com/html/epathsala/images/inner/abt-1.jpg]
[htmldesigntemplates.com/html/epathsala/index.html]
[htmldesigntemplates.com/html/epathsala/images/banner/thoughtful-student-using-laptop-and-headphones-for-2021-05-07-23-15-28-utc.jpg]
[htmldesigntemplates.com/html/epathsala/images/inner/girl-doing-homework-or-online-education-2021-04-05-10-57-55-utc.jpg]
[htmldesigntemplates.com/html/epathsala/images/logo-w.png]
[htmldesigntemplates.com/html/epathsala/images/inner/friends-studying-in-the-park-2021-04-02-20-21-17-utc.jpg]
[htmldesigntemplates.com/html/epathsala/index-3.html]
[htmldesigntemplates.com/html/epathsala/about.html]
[htmldesigntemplates.com/html/epathsala/course-1.html]
[htmldesigntemplates.com/html/epathsala/course-2.html]
[htmldesigntemplates.com/html/epathsala/course-detail.html]
[htmldesigntemplates.com/html/epathsala/event.html]
[htmldesigntemplates.com/html/epathsala/images/inner/education-8345AGC.jpg]
[htmldesigntemplates.com/html/epathsala/images/cropped-epathsala_favicon-300x300.png]
[htmldesigntemplates.com/html/epathsala/event-detail.html]
[htmldesigntemplates.com/html/epathsala/images/inner/modern-education-business-startup-friendship-an-2021-07-27-05-12-15-utc-1.jpg]
[htmldesigntemplates.com/html/epathsala/images/lightbox/education-students-people-knowledge-concept-2021-04-02-19-49-59-utc.jpg]
[htmldesigntemplates.com/html/epathsala/images/lightbox/education-students-people-knowledge-concept-PGGPVWJ.jpg]
[htmldesigntemplates.com/html/epathsala/images/lightbox/group-of-people-attending-education-class-in-commu-2021-05-28-22-34-30-utc.jpg]
[htmldesigntemplates.com/html/epathsala/images/inner/education-2021-04-09-20-17-44-utc.jpg]
[htmldesigntemplates.com/html/epathsala/images/inner/education-C6PKGFN.jpg]
[htmldesigntemplates.com/html/epathsala/images/inner/education-F32W3ZT.jpg]
[htmldesigntemplates.com/html/epathsala/gallery.html]
[htmldesigntemplates.com/html/epathsala/images/team/test-1.jpg]
[htmldesigntemplates.com/html/epathsala/images/team/test-2.jpg]
[htmldesigntemplates.com/html/epathsala/images/team/test-3.jpg]
[htmldesigntemplates.com/html/epathsala/images/team/test-5.jpg]
[htmldesigntemplates.com/html/epathsala/instructors.html]
[htmldesigntemplates.com/html/epathsala/pricing.html]
[htmldesigntemplates.com/html/epathsala/testimonial.html]
[htmldesigntemplates.com/html/epathsala/faq.html]
[htmldesigntemplates.com/html/epathsala/search.html]
[htmldesigntemplates.com/html/epathsala/search-detail.html]
[htmldesigntemplates.com/html/epathsala/images/shape/404-Error-02.png]
[htmldesigntemplates.com/html/epathsala/404.html]
[htmldesigntemplates.com/html/epathsala/comming.html]
[htmldesigntemplates.com/html/epathsala/blog-list.html]
[htmldesigntemplates.com/html/epathsala/blog-detail.html]
[htmldesigntemplates.com/html/epathsala/contact.html]
[htmldesigntemplates.com/html/epathsala/images/loading.html]
[htmldesigntemplates.com/html/epathsala/search-detail.html]
